A51 MACRO ASSEMBLER  PASSWORDLOCK                                                         09/30/2020 06:10:21 PAGE     1


MACRO ASSEMBLER A51 V8.2.7.0
OBJECT MODULE PLACED IN .\Objects\passwordlock.obj
ASSEMBLER INVOKED BY: C:\Keil_v5\C51\BIN\A51.EXE passwordlock.a51 SET(SMALL) DEBUG PRINT(.\Listings\passwordlock.lst) OB
                      JECT(.\Objects\passwordlock.obj) EP

LOC  OBJ            LINE     SOURCE

0000                   1     ORG 0H
  00A3                 2     RS EQU P2.3  
  00A4                 3     RW EQU P2.4  
  00A5                 4     E EQU p2.5  
                       5     
                       6     ;; INITIALIZING PORTS FOR KEYPAD
0000 74FF              7     MOV A, #0FFH  
0002 F580              8     MOV P0, A
0004 7400              9     MOV A, #0H 
0006 F5A0             10     MOV P2, A
                      11     
0008                  12     MAIN:
0008 900400           13     MOV DPTR, #COMAND1  
000B 5139             14     ACALL SEND_CMD  
000D 516B             15     ACALL DELAY  
000F 90040A           16     MOV DPTR, #TEXT1
0012 5145             17     ACALL SEND_DATA  
0014 516B             18     ACALL DELAY  
                      19     
0016 900400           20     MOV DPTR, #COMAND1  
0019 5139             21     ACALL SEND_CMD  
001B 516B             22     ACALL DELAY  
001D 900419           23     MOV DPTR, #TEXT2
0020 5145             24     ACALL SEND_DATA  
0022 516B             25     ACALL DELAY  
                      26     
0024 900405           27     MOV DPTR, #COMAND2  
0027 5139             28     ACALL SEND_CMD  
0029 516B             29     ACALL DELAY  
002B 900426           30     MOV DPTR, #TEXT3
002E 5145             31     ACALL SEND_DATA  
0030 516B             32     ACALL DELAY  
                      33     
0032 900400           34     MOV DPTR, #COMAND1  
0035 5139             35     ACALL SEND_CMD 
0037 516B             36     ACALL DELAY
0039 900434           37     MOV DPTR, #TEXT4
003C 5145             38     ACALL SEND_DATA
003E 516B             39     ACALL DELAY
                      40     
                      41     
0040 900405           42     MOV DPTR, #COMAND2
0043 5139             43     ACALL SEND_CMD
0045 516B             44     ACALL DELAY
0047 7A07             45     MOV R2,#7
0049 7840             46     MOV R0,#40H
004B                  47     LOOP1:
004B E4               48     CLR A
004C 0200FC           49     LJMP KEYPAD
004F                  50     VAL_KEYPAD:
004F F6               51     MOV @R0,A
0050 742A             52     MOV A,#42
0052 515E             53     ACALL DATAWRITE
0054 516B             54     ACALL DELAY
0056 516B             55     ACALL DELAY
0058 08               56     INC R0
0059 DAF0             57     DJNZ R2,LOOP1
A51 MACRO ASSEMBLER  PASSWORDLOCK                                                         09/30/2020 06:10:21 PAGE     2

                      58     
                      59     
                      60     
                      61     
005B 900400           62     MOV DPTR, #COMAND1  
005E 5139             63     ACALL SEND_CMD  
0060 516B             64     ACALL DELAY  
0062 900443           65     MOV DPTR, #CHKMSG
0065 5145             66     ACALL SEND_DATA
0067 516B             67     ACALL DELAY
0069 E4               68     CLR A
006A 7940             69     MOV R1,#40H
006C 7A07             70     MOV R2,#7
006E 90049E           71     MOV DPTR,#PASS1
0071                  72     PLOOP1:
0071 E4               73     CLR A
0072 93               74     MOVC A,@A+DPTR
0073 87F0             75     MOV B,@R1
0075 B5F006           76     CJNE A,B,INVALID1
0078 A3               77     INC DPTR
0079 09               78     INC R1
007A DAF5             79     DJNZ R2,PLOOP1
007C 8038             80     SJMP MATCHED1
007E                  81     INVALID1:
                      82     
007E E4               83     CLR A
007F 7940             84     MOV R1,#40H
0081 7A07             85     MOV R2,#7
0083 9004A5           86     MOV DPTR, #PASS2
0086                  87     PLOOP2:
0086 E4               88     CLR A
0087 93               89     MOVC A,@A+DPTR
0088 87F0             90     MOV B,@R1
008A B5F006           91     CJNE A,B,INVALID2
008D A3               92     INC DPTR
008E 09               93     INC R1
008F DAF5             94     DJNZ R2,PLOOP2
0091 8045             95     SJMP MATCHED2
                      96     
                      97     
                      98     
                      99     
0093                 100     INVALID2:
0093 900400          101     MOV DPTR, #COMAND1
0096 5139            102     ACALL SEND_CMD
0098 516B            103     ACALL DELAY
009A 900481          104     MOV DPTR, #TEXT_F1
009D 5145            105     ACALL SEND_DATA
009F 516B            106     ACALL DELAY
00A1 900405          107     MOV DPTR, #COMAND2
00A4 5139            108     ACALL SEND_CMD
00A6 516B            109     ACALL DELAY
00A8 900490          110     MOV DPTR, #TEXT_F2
00AB 5145            111     ACALL SEND_DATA
00AD 516B            112     ACALL DELAY
00AF C2B1            113     CLR P3.1
00B1 C2B0            114     CLR P3.0  
00B3 020008          115     LJMP MAIN
                     116     
                     117     
00B6                 118     MATCHED1:
00B6 900400          119     MOV DPTR, #COMAND1
00B9 5139            120     ACALL SEND_CMD
00BB 516B            121     ACALL DELAY
00BD 900452          122     MOV DPTR, #TEXT_S1
00C0 5145            123     ACALL SEND_DATA
A51 MACRO ASSEMBLER  PASSWORDLOCK                                                         09/30/2020 06:10:21 PAGE     3

00C2 516B            124     ACALL DELAY
00C4 900400          125     MOV DPTR,#COMAND1
00C7 5139            126     ACALL SEND_CMD
00C9 516B            127     ACALL DELAY
00CB 900463          128     MOV DPTR, #TEXT_S2
00CE 5145            129     ACALL SEND_DATA
00D0 516B            130     ACALL DELAY
00D2 D2B0            131     SETB P3.0  
00D4 C2B1            132     CLR P3.1
00D6 8022            133     SJMP LOOP
                     134     
                     135     
00D8                 136     MATCHED2:
00D8 900400          137     MOV DPTR, #COMAND1
00DB 5139            138     ACALL SEND_CMD
00DD 516B            139     ACALL DELAY
00DF 900452          140     MOV DPTR, #TEXT_S1
00E2 5145            141     ACALL SEND_DATA
00E4 516B            142     ACALL DELAY
00E6 900400          143     MOV DPTR, #COMAND1
00E9 5139            144     ACALL SEND_CMD
00EB 516B            145     ACALL DELAY
00ED 900472          146     MOV DPTR, #TEXT_S3
00F0 5145            147     ACALL SEND_DATA
00F2 516B            148     ACALL DELAY
00F4 C2B0            149     CLR P3.0  
00F6 D2B1            150     SETB P3.1
00F8 8000            151     SJMP LOOP
                     152     
                     153     
                     154     
00FA 80FE            155     LOOP: SJMP LOOP
                     156     
                     157     
                     158     
00FC                 159     KEYPAD:
                     160             ;CHECKING COLUMN1
00FC D2A0            161             SETB P2.0
00FE D2A1            162             SETB P2.1
0100 D2A2            163             SETB P2.2
0102 5130            164             ACALL DELAY_1S
0104 C2A0            165             CLR P2.0
0106 D2A1            166             SETB P2.1
0108 D2A2            167             SETB P2.2
010A 208006          168             JB P0.0, W1
010D 120186          169             LCALL DETECTED_1
0110 02004F          170             LJMP VAL_KEYPAD
0113                 171     W1:
0113 208106          172             JB P0.1, X1
0116 1201BF          173             LCALL DETECTED_4
0119 02004F          174             LJMP VAL_KEYPAD
011C                 175     X1:
011C 208206          176             JB P0.2, Z1
011F 1201F7          177             LCALL DETECTED_7
0122 02004F          178             LJMP VAL_KEYPAD
                     179     
0125                 180     Z1:
0125 D2A0            181     SETB P2.0
0127 C2A1            182             CLR P2.1
0129 D2A2            183             SETB P2.2
012B 208006          184             JB P0.0, W2
012E 120199          185             LCALL DETECTED_2
0131 02004F          186             LJMP VAL_KEYPAD
0134 208106          187     W2:  JB P0.1, X2
0137 1201D2          188             LCALL DETECTED_5
013A 02004F          189             LJMP VAL_KEYPAD
A51 MACRO ASSEMBLER  PASSWORDLOCK                                                         09/30/2020 06:10:21 PAGE     4

013D 208206          190     X2: JB P0.2, Y2
0140 12020A          191             LCALL DETECTED_8
0143 02004F          192             LJMP VAL_KEYPAD
0146 208306          193     Y2: JB P0.3, Z2
0149 120173          194             LCALL DETECTED_0
014C 02004F          195             LJMP VAL_KEYPAD
                     196             ;CHECKING COLUMN 3
014F                 197     Z2:
014F D2A0            198             SETB P2.0
0151 D2A1            199             SETB P2.1
0153 C2A2            200             CLR P2.2
0155 208006          201             JB P0.0, W3
0158 1201AC          202             LCALL DETECTED_3
015B 02004F          203             LJMP VAL_KEYPAD
015E 208106          204     W3: JB P0.1, X3
0161 1201E5          205             LCALL DETECTED_6
0164 02004F          206             LJMP VAL_KEYPAD
0167 208206          207     X3:     JB P0.2, Z3
016A 12021D          208             LCALL DETECTED_9
016D 02004F          209             LJMP VAL_KEYPAD
0170                 210     Z3:
0170 0200FC          211     LJMP KEYPAD
                     212     
0173                 213     DETECTED_0:
0173 E4              214     CLR A
0174 7400            215             MOV A,#0
0176 120230          216             LCALL DELAY_1S
0179 120230          217             LCALL DELAY_1S
017C 120230          218     LCALL DELAY_1S
017F 120230          219     LCALL DELAY_1S
0182 120230          220     LCALL DELAY_1S
0185 22              221             RET
0186                 222     DETECTED_1:
0186 E4              223     CLR A
0187 7401            224             MOV A,#1
0189 120230          225             LCALL DELAY_1S
018C 120230          226             LCALL DELAY_1S
018F 120230          227     LCALL DELAY_1S
0192 120230          228     LCALL DELAY_1S
0195 120230          229     LCALL DELAY_1S
0198 22              230             RET
0199                 231     DETECTED_2:
0199 E4              232     CLR A
019A 7402            233             MOV A,#2
019C 120230          234             LCALL DELAY_1S
019F 120230          235             LCALL DELAY_1S
01A2 120230          236     LCALL DELAY_1S
01A5 120230          237     LCALL DELAY_1S
01A8 120230          238     LCALL DELAY_1S
01AB 22              239             RET
01AC                 240     DETECTED_3:
01AC E4              241     CLR A
01AD 7403            242     MOV A,#3
01AF 120230          243     LCALL DELAY_1S
01B2 120230          244     LCALL DELAY_1S
01B5 120230          245     LCALL DELAY_1S
01B8 120230          246     LCALL DELAY_1S
01BB 120230          247     LCALL DELAY_1S
01BE 22              248             RET
01BF                 249     DETECTED_4:
01BF E4              250     CLR A
01C0 7404            251     MOV A,#4
01C2 120230          252     LCALL DELAY_1S
01C5 120230          253     LCALL DELAY_1S
01C8 120230          254     LCALL DELAY_1S
01CB 120230          255     LCALL DELAY_1S
A51 MACRO ASSEMBLER  PASSWORDLOCK                                                         09/30/2020 06:10:21 PAGE     5

01CE 120230          256     LCALL DELAY_1S
01D1 22              257             RET
01D2                 258     DETECTED_5:
01D2 E4              259             CLR A
01D3 7405            260             MOV A,#5
01D5 120230          261     LCALL DELAY_1S
01D8 120230          262     LCALL DELAY_1S
01DB 120230          263     LCALL DELAY_1S
01DE 120230          264     LCALL DELAY_1S
01E1 120230          265     LCALL DELAY_1S
01E4 22              266             RET
01E5                 267     DETECTED_6:
01E5 7406            268             MOV A,#6
01E7 120230          269     LCALL DELAY_1S
01EA 120230          270     LCALL DELAY_1S
01ED 120230          271     LCALL DELAY_1S
01F0 120230          272     LCALL DELAY_1S
01F3 120230          273     LCALL DELAY_1S
01F6 22              274             RET
01F7                 275     DETECTED_7:
01F7 E4              276     CLR A
01F8 7407            277             MOV A,#7
01FA 120230          278             LCALL DELAY_1S
01FD 120230          279     LCALL DELAY_1S
0200 120230          280     LCALL DELAY_1S
0203 120230          281     LCALL DELAY_1S
0206 120230          282     LCALL DELAY_1S
0209 22              283             RET
020A                 284     DETECTED_8:
020A E4              285             CLR A
020B 7408            286             MOV A,#8
020D 120230          287             LCALL DELAY_1S
0210 120230          288     LCALL DELAY_1S
0213 120230          289     LCALL DELAY_1S
0216 120230          290     LCALL DELAY_1S
0219 120230          291             LCALL DELAY_1S
021C 22              292             RET
021D                 293     DETECTED_9:
021D E4              294             CLR A
021E 7409            295             MOV A,#9
0220 120230          296             LCALL DELAY_1S
0223 120230          297     LCALL DELAY_1S
0226 120230          298     LCALL DELAY_1S
0229 120230          299     LCALL DELAY_1S
022C 120230          300             LCALL DELAY_1S
022F 22              301             RET
                     302     
0230                 303     DELAY_1S:            ;DELAY OF 1S
0230 7BFF            304     MOV R3,#255 ;
0232 7CFF            305     HERE2: MOV R4,#255
0234 DCFE            306     HERE: DJNZ R4,HERE ; STAY UNITL R4 BECOMES 0
0236 DBFA            307     DJNZ R3,HERE2
0238 22              308     RET
                     309     
                     310     
0239                 311     SEND_CMD:
                     312     
0239 E4              313     GO2:CLR A
023A 93              314             MOVC A, @A+DPTR
023B 5151            315             ACALL COMWRITE
023D 516B            316             ACALL DELAY
023F A3              317             INC DPTR
0240 6002            318             JZ OUT
0242 80F5            319             SJMP GO2
0244                 320             OUT:
0244 22              321     RET
A51 MACRO ASSEMBLER  PASSWORDLOCK                                                         09/30/2020 06:10:21 PAGE     6

                     322     
0245                 323     SEND_DATA:
0245 E4              324     GO3:CLR A
0246 93              325             MOVC A, @A+DPTR
0247 515E            326             ACALL DATAWRITE
0249 516B            327             ACALL DELAY
024B A3              328             INC DPTR
024C 6002            329             JZ HERE1
024E 80F5            330             SJMP GO3
0250                 331     HERE1:
0250 22              332             RET
                     333     
                     334     
                     335     
                     336     ;LCD CODE STARTING
0251                 337     COMWRITE:
0251 F590            338             MOV P1, A
0253 C2A3            339             CLR RS
0255 C2A4            340             CLR RW
0257 D2A5            341             SETB E
0259 516B            342             ACALL DELAY
025B C2A5            343             CLR E
025D 22              344             RET
025E                 345     DATAWRITE:
025E F590            346             MOV P1,A
0260 D2A3            347             SETB RS
0262 C2A4            348             CLR RW
0264 D2A5            349             SETB E
0266 516B            350             ACALL DELAY
0268 C2A5            351             CLR E
026A 22              352             RET
026B                 353     DELAY:
026B 7BFA            354             MOV R3,#250
026D 7CFF            355     XX2: MOV R4,#255
026F DCFE            356     XX1: DJNZ R4,XX1
0271 DBFA            357             DJNZ R3,XX2
0273 22              358             RET
                     359     
0400                 360     ORG 400H
0400 380E0106        361     COMAND1: DB 38H,0EH,01H,06H,0
0404 00                      
0405 380E06C0        362     COMAND2: DB 38H,0EH,06H,0C0H,0
0409 00                      
040A 50415353        363     TEXT1: DB "PASSWORD BASED",0
040E 574F5244                
0412 20424153                
0416 454400                  
0419 44494749        364     TEXT2: DB "DIGITAL LOCK",0
041D 54414C20                
0421 4C4F434B                
0425 00                      
0426 53414645        365     TEXT3: DB "SAFETY SYSTEM",0
042A 54592053                
042E 59535445                
0432 4D00                    
0434 454E5445        366     TEXT4: DB "ENTER PASSWORD",0
0438 52205041                
043C 5353574F                
0440 524400                  
0443 50524F43        367     CHKMSG: DB "PROCESSING....",0
0447 45535349                
044B 4E472E2E                
044F 2E2E00                  
0452 41434345        368     TEXT_S1: DB "ACCESS - GRANTED",0
0456 5353202D                
045A 20475241                
A51 MACRO ASSEMBLER  PASSWORDLOCK                                                         09/30/2020 06:10:21 PAGE     7

045E 4E544544                
0462 00                      
0463 2D2D2D2D        369     TEXT_S2: DB "----LOCKED----",0
0467 4C4F434B                
046B 45442D2D                
046F 2D2D00                  
0472 2D2D2D55        370     TEXT_S3: DB "---UNLOCKED---",0
0476 4E4C4F43                
047A 4B45442D                
047E 2D2D00                  
0481 57524F4E        371     TEXT_F1: DB "WRONG PASSWORD",0
0485 47205041                
0489 5353574F                
048D 524400                  
0490 41434345        372     TEXT_F2: DB "ACCESS DENIED",0
0494 53532044                
0498 454E4945                
049C 4400                    
049E 01010101        373     PASS1: DB 1,1,1,1,1,1,1
04A2 010101                  
04A5 00000000        374     PASS2: DB 0,0,0,0,0,0,0
04A9 000000                  
                     375     END
A51 MACRO ASSEMBLER  PASSWORDLOCK                                                         09/30/2020 06:10:21 PAGE     8

SYMBOL TABLE LISTING
------ ----- -------


N A M E             T Y P E  V A L U E   ATTRIBUTES

B. . . . . . . . .  D ADDR   00F0H   A   
CHKMSG . . . . . .  C ADDR   0443H   A   
COMAND1. . . . . .  C ADDR   0400H   A   
COMAND2. . . . . .  C ADDR   0405H   A   
COMWRITE . . . . .  C ADDR   0251H   A   
DATAWRITE. . . . .  C ADDR   025EH   A   
DELAY. . . . . . .  C ADDR   026BH   A   
DELAY_1S . . . . .  C ADDR   0230H   A   
DETECTED_0 . . . .  C ADDR   0173H   A   
DETECTED_1 . . . .  C ADDR   0186H   A   
DETECTED_2 . . . .  C ADDR   0199H   A   
DETECTED_3 . . . .  C ADDR   01ACH   A   
DETECTED_4 . . . .  C ADDR   01BFH   A   
DETECTED_5 . . . .  C ADDR   01D2H   A   
DETECTED_6 . . . .  C ADDR   01E5H   A   
DETECTED_7 . . . .  C ADDR   01F7H   A   
DETECTED_8 . . . .  C ADDR   020AH   A   
DETECTED_9 . . . .  C ADDR   021DH   A   
E. . . . . . . . .  B ADDR   00A0H.5 A   
GO2. . . . . . . .  C ADDR   0239H   A   
GO3. . . . . . . .  C ADDR   0245H   A   
HERE . . . . . . .  C ADDR   0234H   A   
HERE1. . . . . . .  C ADDR   0250H   A   
HERE2. . . . . . .  C ADDR   0232H   A   
INVALID1 . . . . .  C ADDR   007EH   A   
INVALID2 . . . . .  C ADDR   0093H   A   
KEYPAD . . . . . .  C ADDR   00FCH   A   
LOOP . . . . . . .  C ADDR   00FAH   A   
LOOP1. . . . . . .  C ADDR   004BH   A   
MAIN . . . . . . .  C ADDR   0008H   A   
MATCHED1 . . . . .  C ADDR   00B6H   A   
MATCHED2 . . . . .  C ADDR   00D8H   A   
OUT. . . . . . . .  C ADDR   0244H   A   
P0 . . . . . . . .  D ADDR   0080H   A   
P1 . . . . . . . .  D ADDR   0090H   A   
P2 . . . . . . . .  D ADDR   00A0H   A   
P3 . . . . . . . .  D ADDR   00B0H   A   
PASS1. . . . . . .  C ADDR   049EH   A   
PASS2. . . . . . .  C ADDR   04A5H   A   
PLOOP1 . . . . . .  C ADDR   0071H   A   
PLOOP2 . . . . . .  C ADDR   0086H   A   
RS . . . . . . . .  B ADDR   00A0H.3 A   
RW . . . . . . . .  B ADDR   00A0H.4 A   
SEND_CMD . . . . .  C ADDR   0239H   A   
SEND_DATA. . . . .  C ADDR   0245H   A   
TEXT1. . . . . . .  C ADDR   040AH   A   
TEXT2. . . . . . .  C ADDR   0419H   A   
TEXT3. . . . . . .  C ADDR   0426H   A   
TEXT4. . . . . . .  C ADDR   0434H   A   
TEXT_F1. . . . . .  C ADDR   0481H   A   
TEXT_F2. . . . . .  C ADDR   0490H   A   
TEXT_S1. . . . . .  C ADDR   0452H   A   
TEXT_S2. . . . . .  C ADDR   0463H   A   
TEXT_S3. . . . . .  C ADDR   0472H   A   
VAL_KEYPAD . . . .  C ADDR   004FH   A   
W1 . . . . . . . .  C ADDR   0113H   A   
W2 . . . . . . . .  C ADDR   0134H   A   
W3 . . . . . . . .  C ADDR   015EH   A   
X1 . . . . . . . .  C ADDR   011CH   A   
X2 . . . . . . . .  C ADDR   013DH   A   
A51 MACRO ASSEMBLER  PASSWORDLOCK                                                         09/30/2020 06:10:21 PAGE     9

X3 . . . . . . . .  C ADDR   0167H   A   
XX1. . . . . . . .  C ADDR   026FH   A   
XX2. . . . . . . .  C ADDR   026DH   A   
Y2 . . . . . . . .  C ADDR   0146H   A   
Z1 . . . . . . . .  C ADDR   0125H   A   
Z2 . . . . . . . .  C ADDR   014FH   A   
Z3 . . . . . . . .  C ADDR   0170H   A   


REGISTER BANK(S) USED: 0 


ASSEMBLY COMPLETE.  0 WARNING(S), 0 ERROR(S)
